** Drc report for BalancerREF_OptHead.kicad_pcb **
** Created on 2026-09-14T20:56:13 **
** Report includes: Errors, Warnings, Exclusions **

** Found 28 DRC violations **
[isolated_copper]: Isolated copper fill
    Local override; warning
    @(100.3000 mm, 100.3000 mm): Zone [GND] on B.Cu, priority 0
[silk_overlap]: Silkscreen clearance
    Rule: board setup constraints silk; warning
    @(103.0000 mm, 124.5700 mm): Reference field of R24
    @(100.5000 mm, 124.2000 mm): Segment on F.Silkscreen
[silk_overlap]: Silkscreen clearance
    Rule: board setup constraints silk; warning
    @(112.5000 mm, 111.7500 mm): Reference field of D1
    @(110.7400 mm, 112.1400 mm): Segment of Q1 on F.Silkscreen
[silk_overlap]: Silkscreen clearance
    Rule: board setup constraints silk; warning
    @(112.5000 mm, 111.7500 mm): Reference field of D1
    @(112.2600 mm, 112.1400 mm): Segment of Q1 on F.Silkscreen
[silk_overlap]: Silkscreen clearance
    Rule: board setup constraints silk; warning
    @(107.4373 mm, 114.4775 mm): Segment of R19 on F.Silkscreen
    @(107.2000 mm, 114.1800 mm): Reference field of R20
[silk_overlap]: Silkscreen clearance
    Rule: board setup constraints silk; warning
    @(100.5000 mm, 116.5000 mm): Segment on F.Silkscreen
    @(107.2000 mm, 116.4300 mm): Reference field of R19
[silk_overlap]: Silkscreen clearance
    Rule: board setup constraints silk; warning
    @(114.4000 mm, 136.5700 mm): Reference field of R22
    @(118.8600 mm, 136.0600 mm): Segment of U8 on F.Silkscreen
[silk_overlap]: Silkscreen clearance
    Rule: board setup constraints silk; warning
    @(114.4000 mm, 136.5700 mm): Reference field of R22
    @(114.7400 mm, 136.0600 mm): Segment of U8 on F.Silkscreen
[silk_overlap]: Silkscreen clearance
    Rule: board setup constraints silk; warning
    @(117.9200 mm, 141.2000 mm): Reference field of C25
    @(118.0000 mm, 139.6800 mm): Reference field of C22
[silk_overlap]: Silkscreen clearance
    Rule: board setup constraints silk; warning
    @(112.4900 mm, 130.2000 mm): Reference field of PD1
    @(111.2613 mm, 130.2650 mm): Segment of C24 on F.Silkscreen
[silk_overlap]: Silkscreen clearance
    Rule: board setup constraints silk; warning
    @(111.0000 mm, 132.6800 mm): Reference field of C24
    @(110.3700 mm, 134.0000 mm): Reference field of R23
[silk_overlap]: Silkscreen clearance
    Rule: board setup constraints silk; warning
    @(111.5000 mm, 111.3000 mm): Reference field of Q1
    @(112.1500 mm, 110.9000 mm): Segment of D1 on F.Silkscreen
[silk_overlap]: Silkscreen clearance
    Rule: board setup constraints silk; warning
    @(112.5000 mm, 111.7500 mm): Reference field of D1
    @(111.5000 mm, 111.3000 mm): Reference field of Q1
[silk_overlap]: Silkscreen clearance
    Rule: board setup constraints silk; warning
    @(114.1627 mm, 138.5225 mm): Segment of R22 on F.Silkscreen
    @(113.5000 mm, 138.2700 mm): Reference field of R32
[silk_over_copper]: Silkscreen clipped by solder mask
    Local override; warning
    @(107.2000 mm, 114.1800 mm): Reference field of R20
    @(106.3750 mm, 115.0000 mm): Pad 2 [/OPT_LED_EN] of R19 on F.Cu
[silk_over_copper]: Silkscreen clipped by solder mask
    Local override; warning
    @(107.2000 mm, 114.1800 mm): Reference field of R20
    @(108.0250 mm, 115.0000 mm): Pad 1 [/MOS_GATE] of R19 on F.Cu
[silk_over_copper]: Silkscreen clipped by solder mask
    Local override; warning
    @(120.4700 mm, 134.8000 mm): Reference field of R21
    @(119.2750 mm, 135.4050 mm): Pad 1 [/TIA_OUT] of U8 on F.Cu
[silk_over_copper]: Silkscreen clipped by solder mask
    Local override; warning
    @(116.8000 mm, 136.9000 mm): Reference field of U8
    @(117.0500 mm, 138.0000 mm): Pad 2 [/AC_COUPLED] of C22 on F.Cu
[silk_over_copper]: Silkscreen clipped by solder mask
    Local override; warning
    @(113.5000 mm, 138.2700 mm): Reference field of R32
    @(115.2250 mm, 138.0000 mm): Pad 2 [/AC_COUPLED] of R22 on F.Cu
[silk_over_copper]: Silkscreen clipped by solder mask
    Local override; warning
    @(118.0000 mm, 139.6800 mm): Reference field of C22
    @(119.6000 mm, 140.2500 mm): Pad 2 [GND] of C25 on F.Cu
[silk_over_copper]: Silkscreen clipped by solder mask
    Local override; warning
    @(120.4700 mm, 134.8000 mm): Reference field of R21
    @(119.2750 mm, 134.1350 mm): Pad 2 [/PD_TIA_IN] of U8 on F.Cu
[silk_over_copper]: Silkscreen clipped by solder mask
    Local override; warning
    @(111.0000 mm, 132.6800 mm): Reference field of C24
    @(111.8000 mm, 133.1750 mm): Pad 2 [/AMP_INV] of R23 on F.Cu
[silk_over_copper]: Silkscreen clipped by solder mask
    Local override; warning
    @(112.4900 mm, 130.2000 mm): Reference field of PD1
    @(111.9500 mm, 131.0000 mm): Pad 1 [/+3V3] of C24 on F.Cu
[silk_over_copper]: Silkscreen clipped by solder mask
    Local override; warning
    @(112.4000 mm, 141.0000 mm): Reference field of U4
    @(112.6750 mm, 139.7000 mm): Pad 1 [/CMP_OUT] of R32 on F.Cu
[silk_over_copper]: Silkscreen clipped by solder mask
    Local override; warning
    @(110.0000 mm, 139.4300 mm): Reference field of R28
    @(109.0500 mm, 139.8625 mm): Pad 3 [/CMP_THRESHOLD] of U4 on F.Cu
[silk_over_copper]: Silkscreen clipped by solder mask
    Local override; warning
    @(110.0000 mm, 139.4300 mm): Reference field of R28
    @(110.0000 mm, 139.8625 mm): Pad 2 [GND] of U4 on F.Cu
[silk_over_copper]: Silkscreen clipped by solder mask
    Local override; warning
    @(110.0000 mm, 139.4300 mm): Reference field of R28
    @(110.9500 mm, 139.8625 mm): Pad 1 [/CMP_OUT] of U4 on F.Cu
[silk_over_copper]: Silkscreen clipped by solder mask
    Local override; warning
    @(113.5000 mm, 138.2700 mm): Reference field of R32
    @(113.5750 mm, 138.0000 mm): Pad 1 [/AMP_INV] of R22 on F.Cu

** Found 47 unconnected pads **
[unconnected_items]: Missing connection between items
    Local override; error
    @(103.8250 mm, 126.0000 mm): Pad 2 [/OPT_VREF] of R24 on F.Cu
    @(103.8250 mm, 128.3000 mm): Pad 1 [/OPT_VREF] of R25 on F.Cu
[unconnected_items]: Missing connection between items
    Local override; error
    @(103.8250 mm, 128.3000 mm): Pad 1 [/OPT_VREF] of R25 on F.Cu
    @(105.6500 mm, 128.3000 mm): Pad 1 [/OPT_VREF] of C23 on F.Cu
[unconnected_items]: Missing connection between items
    Local override; error
    @(105.6500 mm, 128.3000 mm): Pad 1 [/OPT_VREF] of C23 on F.Cu
    @(114.3250 mm, 131.5950 mm): Pad 5 [/OPT_VREF] of U8 on F.Cu
[unconnected_items]: Missing connection between items
    Local override; error
    @(114.3250 mm, 131.5950 mm): Pad 5 [/OPT_VREF] of U8 on F.Cu
    @(119.2750 mm, 132.8650 mm): Pad 3 [/OPT_VREF] of U8 on F.Cu
[unconnected_items]: Missing connection between items
    Local override; error
    @(106.3750 mm, 112.7500 mm): Pad 2 [GND] of R20 on F.Cu
    @(102.0000 mm, 114.9750 mm): Pad 2 [GND] of C20 on F.Cu
[unconnected_items]: Missing connection between items
    Local override; error
    @(107.5500 mm, 128.3000 mm): Pad 2 [GND] of C23 on F.Cu
    @(110.0500 mm, 131.0000 mm): Pad 2 [GND] of C24 on F.Cu
[unconnected_items]: Missing connection between items
    Local override; error
    @(107.5500 mm, 128.3000 mm): Pad 2 [GND] of C23 on F.Cu
    @(102.1750 mm, 128.3000 mm): Pad 2 [GND] of R25 on F.Cu
[unconnected_items]: Missing connection between items
    Local override; error
    @(109.4500 mm, 127.0000 mm): Pad 2 [GND] of PD1 on F.Cu
    @(107.5500 mm, 128.3000 mm): Pad 2 [GND] of C23 on F.Cu
[unconnected_items]: Missing connection between items
    Local override; error
    @(109.4500 mm, 127.0000 mm): Pad 2 [GND] of PD1 on F.Cu
    @(110.5625 mm, 114.6500 mm): Pad 2 [GND] of Q1 on F.Cu
[unconnected_items]: Missing connection between items
    Local override; error
    @(110.0000 mm, 139.8625 mm): Pad 2 [GND] of U4 on F.Cu
    @(105.7750 mm, 139.9000 mm): Pad 2 [GND] of R27 on F.Cu
[unconnected_items]: Missing connection between items
    Local override; error
    @(110.0000 mm, 139.8625 mm): Pad 2 [GND] of U4 on F.Cu
    @(110.0000 mm, 144.6000 mm): Pad 2 [GND] of J5 on F.Cu
[unconnected_items]: Missing connection between items
    Local override; error
    @(110.0000 mm, 139.8625 mm): Pad 2 [GND] of U4 on F.Cu
    @(110.0500 mm, 131.0000 mm): Pad 2 [GND] of C24 on F.Cu
[unconnected_items]: Missing connection between items
    Local override; error
    @(110.0000 mm, 144.6000 mm): Pad 2 [GND] of J5 on F.Cu
    @(112.5000 mm, 144.6000 mm): Pad 4 [GND] of J5 on F.Cu
[unconnected_items]: Missing connection between items
    Local override; error
    @(110.5625 mm, 114.6500 mm): Pad 2 [GND] of Q1 on F.Cu
    @(106.3750 mm, 112.7500 mm): Pad 2 [GND] of R20 on F.Cu
[unconnected_items]: Missing connection between items
    Local override; error
    @(112.5000 mm, 144.6000 mm): Pad 4 [GND] of J5 on F.Cu
    @(115.0000 mm, 144.6000 mm): Pad 6 [GND] of J5 on F.Cu
[unconnected_items]: Missing connection between items
    Local override; error
    @(115.0000 mm, 144.6000 mm): Pad 6 [GND] of J5 on F.Cu
    @(119.6000 mm, 140.2500 mm): Pad 2 [GND] of C25 on F.Cu
[unconnected_items]: Missing connection between items
    Local override; error
    @(119.6000 mm, 140.2500 mm): Pad 2 [GND] of C25 on F.Cu
    @(119.2750 mm, 131.5950 mm): Pad 4 [GND] of U8 on F.Cu
[unconnected_items]: Missing connection between items
    Local override; error
    @(119.2750 mm, 135.4050 mm): Pad 1 [/TIA_OUT] of U8 on F.Cu
    @(118.9500 mm, 138.0000 mm): Pad 1 [/TIA_OUT] of C22 on F.Cu
[unconnected_items]: Missing connection between items
    Local override; error
    @(121.9000 mm, 135.6250 mm): Pad 1 [/TIA_OUT] of R21 on F.Cu
    @(119.2750 mm, 135.4050 mm): Pad 1 [/TIA_OUT] of U8 on F.Cu
[unconnected_items]: Missing connection between items
    Local override; error
    @(121.9000 mm, 135.6250 mm): Pad 1 [/TIA_OUT] of R21 on F.Cu
    @(123.8500 mm, 131.8000 mm): Pad 2 [/TIA_OUT] of C21 on F.Cu
[unconnected_items]: Missing connection between items
    Local override; error
    @(119.2750 mm, 134.1350 mm): Pad 2 [/PD_TIA_IN] of U8 on F.Cu
    @(121.9000 mm, 133.9750 mm): Pad 2 [/PD_TIA_IN] of R21 on F.Cu
[unconnected_items]: Missing connection between items
    Local override; error
    @(121.9000 mm, 133.9750 mm): Pad 2 [/PD_TIA_IN] of R21 on F.Cu
    @(121.9500 mm, 131.8000 mm): Pad 1 [/PD_TIA_IN] of C21 on F.Cu
[unconnected_items]: Missing connection between items
    Local override; error
    @(121.9500 mm, 131.8000 mm): Pad 1 [/PD_TIA_IN] of C21 on F.Cu
    @(115.5500 mm, 127.0000 mm): Pad 1 [/PD_TIA_IN] of PD1 on F.Cu
[unconnected_items]: Missing connection between items
    Local override; error
    @(105.7750 mm, 137.9000 mm): Pad 1 [/+3V3] of R26 on F.Cu
    @(110.9500 mm, 142.1375 mm): Pad 5 [/+3V3] of U4 on F.Cu
[unconnected_items]: Missing connection between items
    Local override; error
    @(110.9500 mm, 142.1375 mm): Pad 5 [/+3V3] of U4 on F.Cu
    @(116.2500 mm, 144.6000 mm): Pad 7 [/+3V3] of J5 on F.Cu
[unconnected_items]: Missing connection between items
    Local override; error
    @(110.9500 mm, 142.1375 mm): Pad 5 [/+3V3] of U4 on F.Cu
    @(114.3250 mm, 135.4050 mm): Pad 8 [/+3V3] of U8 on F.Cu
[unconnected_items]: Missing connection between items
    Local override; error
    @(111.9500 mm, 131.0000 mm): Pad 1 [/+3V3] of C24 on F.Cu
    @(102.1750 mm, 126.0000 mm): Pad 1 [/+3V3] of R24 on F.Cu
[unconnected_items]: Missing connection between items
    Local override; error
    @(114.3250 mm, 135.4050 mm): Pad 8 [/+3V3] of U8 on F.Cu
    @(111.9500 mm, 131.0000 mm): Pad 1 [/+3V3] of C24 on F.Cu
[unconnected_items]: Missing connection between items
    Local override; error
    @(116.2500 mm, 144.6000 mm): Pad 7 [/+3V3] of J5 on F.Cu
    @(119.6000 mm, 142.1500 mm): Pad 1 [/+3V3] of C25 on F.Cu
[unconnected_items]: Missing connection between items
    Local override; error
    @(108.0250 mm, 112.7500 mm): Pad 1 [/MOS_GATE] of R20 on F.Cu
    @(108.0250 mm, 115.0000 mm): Pad 1 [/MOS_GATE] of R19 on F.Cu
[unconnected_items]: Missing connection between items
    Local override; error
    @(110.5625 mm, 112.7500 mm): Pad 1 [/MOS_GATE] of Q1 on F.Cu
    @(108.0250 mm, 112.7500 mm): Pad 1 [/MOS_GATE] of R20 on F.Cu
[unconnected_items]: Missing connection between items
    Local override; error
    @(112.4375 mm, 113.7000 mm): Pad 3 [Net-(D1-K)] of Q1 on F.Cu
    @(113.9000 mm, 109.0000 mm): Pad 1 [Net-(D1-K)] of D1 on F.Cu
[unconnected_items]: Missing connection between items
    Local override; error
    @(111.8000 mm, 133.1750 mm): Pad 2 [/AMP_INV] of R23 on F.Cu
    @(113.5750 mm, 138.0000 mm): Pad 1 [/AMP_INV] of R22 on F.Cu
[unconnected_items]: Missing connection between items
    Local override; error
    @(114.3250 mm, 132.8650 mm): Pad 6 [/AMP_INV] of U8 on F.Cu
    @(111.8000 mm, 133.1750 mm): Pad 2 [/AMP_INV] of R23 on F.Cu
[unconnected_items]: Missing connection between items
    Local override; error
    @(115.2250 mm, 138.0000 mm): Pad 2 [/AC_COUPLED] of R22 on F.Cu
    @(117.0500 mm, 138.0000 mm): Pad 2 [/AC_COUPLED] of C22 on F.Cu
[unconnected_items]: Missing connection between items
    Local override; error
    @(102.0000 mm, 112.0250 mm): Pad 1 [/SYS_SW] of C20 on F.Cu
    @(108.7500 mm, 144.6000 mm): Pad 1 [/SYS_SW] of J5 on F.Cu
[unconnected_items]: Missing connection between items
    Local override; error
    @(106.0375 mm, 108.8000 mm): Pad 1 [/SYS_SW] of R18 on F.Cu
    @(102.0000 mm, 112.0250 mm): Pad 1 [/SYS_SW] of C20 on F.Cu
[unconnected_items]: Missing connection between items
    Local override; error
    @(108.9625 mm, 108.8000 mm): Pad 2 [Net-(D1-A)] of R18 on F.Cu
    @(111.1000 mm, 109.0000 mm): Pad 2 [Net-(D1-A)] of D1 on F.Cu
[unconnected_items]: Missing connection between items
    Local override; error
    @(106.3750 mm, 115.0000 mm): Pad 2 [/OPT_LED_EN] of R19 on F.Cu
    @(111.2500 mm, 144.6000 mm): Pad 3 [/OPT_LED_EN] of J5 on F.Cu
[unconnected_items]: Missing connection between items
    Local override; error
    @(113.7500 mm, 144.6000 mm): Pad 5 [/OPT_COMP] of J5 on F.Cu
    @(114.3250 mm, 139.7000 mm): Pad 2 [/OPT_COMP] of R32 on F.Cu
[unconnected_items]: Missing connection between items
    Local override; error
    @(111.8000 mm, 134.8250 mm): Pad 1 [/OPT_AMP] of R23 on F.Cu
    @(109.0500 mm, 142.1375 mm): Pad 4 [/OPT_AMP] of U4 on F.Cu
[unconnected_items]: Missing connection between items
    Local override; error
    @(114.3250 mm, 134.1350 mm): Pad 7 [/OPT_AMP] of U8 on F.Cu
    @(111.8000 mm, 134.8250 mm): Pad 1 [/OPT_AMP] of R23 on F.Cu
[unconnected_items]: Missing connection between items
    Local override; error
    @(107.4250 mm, 139.9000 mm): Pad 1 [/CMP_THRESHOLD] of R27 on F.Cu
    @(109.0500 mm, 139.8625 mm): Pad 3 [/CMP_THRESHOLD] of U4 on F.Cu
[unconnected_items]: Missing connection between items
    Local override; error
    @(109.0500 mm, 139.8625 mm): Pad 3 [/CMP_THRESHOLD] of U4 on F.Cu
    @(109.1750 mm, 138.0000 mm): Pad 2 [/CMP_THRESHOLD] of R28 on F.Cu
[unconnected_items]: Missing connection between items
    Local override; error
    @(109.1750 mm, 138.0000 mm): Pad 2 [/CMP_THRESHOLD] of R28 on F.Cu
    @(107.4250 mm, 137.9000 mm): Pad 2 [/CMP_THRESHOLD] of R26 on F.Cu
[unconnected_items]: Missing connection between items
    Local override; error
    @(110.8250 mm, 138.0000 mm): Pad 1 [/CMP_OUT] of R28 on F.Cu
    @(110.9500 mm, 139.8625 mm): Pad 1 [/CMP_OUT] of U4 on F.Cu
[unconnected_items]: Missing connection between items
    Local override; error
    @(110.9500 mm, 139.8625 mm): Pad 1 [/CMP_OUT] of U4 on F.Cu
    @(112.6750 mm, 139.7000 mm): Pad 1 [/CMP_OUT] of R32 on F.Cu

** Found 0 Footprint errors **

** Ignored checks **
    - Footprint has no courtyard defined
    - Track endpoint not centered on via
    - Tuning profile track geometries
    - Footprint doesn't match symbol's footprint filters
    - Footprint component type doesn't match footprint pads

** End of Report **
