ERC report (2026-09-11T11:13:37, Encoding UTF8)
Report includes: Errors, Warnings, Exclusions

***** Sheet /
[unconnected_wire_endpoint]: Unconnected wire endpoint
    ; warning
    @(140.97 mm, 280.67 mm): Vertical Wire, length 6.35 mm
[unconnected_wire_endpoint]: Unconnected wire endpoint
    ; warning
    @(158.75 mm, 280.67 mm): Vertical Wire, length 17.78 mm
[unconnected_wire_endpoint]: Unconnected wire endpoint
    ; warning
    @(167.64 mm, 326.39 mm): Horizontal Wire, length 6.35 mm
[unconnected_wire_endpoint]: Unconnected wire endpoint
    ; warning
    @(168.91 mm, 306.07 mm): Horizontal Wire, length 5.08 mm
[unconnected_wire_endpoint]: Unconnected wire endpoint
    ; warning
    @(184.15 mm, 280.67 mm): Vertical Wire, length 6.35 mm
[unconnected_wire_endpoint]: Unconnected wire endpoint
    ; warning
    @(477.52 mm, 331.47 mm): Vertical Wire, length 2.54 mm

 ** ERC messages: 6  Errors 0  Warnings 6

 ** Ignored checks:
    - Global label only appears once in the schematic
    - Four connection points are joined together
    - SPICE model issue
    - Assigned footprint doesn't match footprint filters
